{
    "errors": [
        {
            "message": "Supergraph composition error",
            "locations": [{ "line": 2, "column": 5 }],
            "path": ["publishSubgraph"],
            "extensions": {
                "errors": [
                    {
                        "message": "INVALID_FIELD_SHARING: User.id, Found 'shareable' in users, but not in reviews.",
                        "details": {
                            "hint": {
                                "code": "INVALID_FIELD_SHARING",
                                "location": ["User", "id"],
                                "details": [
                                    {
                                        "value": "shareable",
                                        "consistentSubgraphs": ["users"],
                                        "inconsistentSubgraphs": ["reviews"]
                                    }
                                ]
                            }
                        }
                    }
                ]
            }
        }
    ],
    "data": { "publishSubgraph": null }
}
